# Checks against the annotated listing mlir-opt writes to stderr.
#   plain line  -- this text must appear
#   !-prefixed  -- this text must NOT appear
#
# MLIR's printer renumbers SSA values, so pin each check to the operation text
# rather than to the names in zero.mlir.  Regenerate with ./run.sh after adding
# or reordering operations.

# --- rule 1: constants ----------------------------------------------------
llvm.mlir.constant(0 : i32) : i32 // %0 is zero
llvm.mlir.constant(1 : i32) : i32 // %1 is nonzero

# --- rule 2: `and` with a zero operand, and facts chaining through it ------
llvm.and %0, %arg0 : i32 // %2 is zero
llvm.and %arg0, %0 : i32 // %3 is zero
llvm.and %2, %arg0 : i32 // %4 is zero

# --- the solver joining facts at a block argument -------------------------
// argument: %2 is zero

# --- soundness: these must stay unknown -----------------------------------
# %5 = 1 & 1, since 1 & 2 is 0; %6 and %7 have no rule; %8 uses an argument.
# If adding a rule for `or` or `add`, the matching line here must come out.
!%5 is
!%6 is
!%7 is
!%8 is
